[    0.000000] Initializing cgroup subsys cpuset
[    0.000000] Initializing cgroup subsys cpu
[    0.000000] Initializing cgroup subsys cpuacct
[    0.000000] Linux version 4.4.0-141-generic (buildd@lcy01-amd64-006) (gcc version 5.4.0 20160609 (Ubuntu 5.4.0-6ubuntu1~16.04.10) ) #167-Ubuntu SMP Wed Dec 5 10:40:15 UTC 2018 (Ubuntu 4.4.0-141.167-generic 4.4.162)
[    0.000000] Command line: BOOT_IMAGE=/boot/vmlinuz-4.4.0-141-generic root=LABEL=cloudimg-rootfs ro console=tty1 console=ttyS0
[    0.000000] KERNEL supported cpus:
[    0.000000]   Intel GenuineIntel
[    0.000000]   AMD AuthenticAMD
[    0.000000]   Centaur CentaurHauls
[    0.000000] [Firmware Bug]: TSC doesn't count with P0 frequency!
[    0.000000] x86/fpu: xstate_offset[2]:  576, xstate_sizes[2]:  256
[    0.000000] x86/fpu: Supporting XSAVE feature 0x01: 'x87 floating point registers'
[    0.000000] x86/fpu: Supporting XSAVE feature 0x02: 'SSE registers'
[    0.000000] x86/fpu: Supporting XSAVE feature 0x04: 'AVX registers'
[    0.000000] x86/fpu: Enabled xstate features 0x7, context size is 832 bytes, using 'standard' format.
[    0.000000] e820: BIOS-provided physical RAM map:
[    0.000000] BIOS-e820: [mem 0x0000000000000000-0x000000000009fbff] usable
[    0.000000] BIOS-e820: [mem 0x000000000009fc00-0x000000000009ffff] reserved
[    0.000000] BIOS-e820: [mem 0x00000000000f0000-0x00000000000fffff] reserved
[    0.000000] BIOS-e820: [mem 0x0000000000100000-0x000000000ffeffff] usable
[    0.000000] BIOS-e820: [mem 0x000000000fff0000-0x000000000fffffff] ACPI data
[    0.000000] BIOS-e820: [mem 0x00000000fec00000-0x00000000fec00fff] reserved
[    0.000000] BIOS-e820: [mem 0x00000000fee00000-0x00000000fee00fff] reserved
[    0.000000] BIOS-e820: [mem 0x00000000fffc0000-0x00000000ffffffff] reserved
[    0.000000] NX (Execute Disable) protection: active
[    0.000000] SMBIOS 2.5 present.
[    0.000000] Hypervisor detected: KVM
[    0.000000] Kernel/User page tables isolation: disabled
[    0.000000] e820: last_pfn = 0xfff0 max_arch_pfn = 0x400000000
[    0.000000] MTRR: Disabled
[    0.000000] x86/PAT: MTRRs disabled, skipping PAT initialization too.
[    0.000000] CPU MTRRs all blank - virtualized system.
[    0.000000] x86/PAT: Configuration [0-7]: WB  WT  UC- UC  WB  WT  UC- UC  
[    0.000000] found SMP MP-table at [mem 0x0009fff0-0x0009ffff] mapped at [ffff88000009fff0]
[    0.000000] Scanning 1 areas for low memory corruption
[    0.000000] RAMDISK: [mem 0x0e8b7000-0x0f729fff]
[    0.000000] ACPI: Early table checksum verification disabled
[    0.000000] ACPI: RSDP 0x00000000000E0000 000024 (v02 VBOX  )
[    0.000000] ACPI: XSDT 0x000000000FFF0030 00003C (v01 VBOX   VBOXXSDT 00000001 ASL  00000061)
[    0.000000] ACPI: FACP 0x000000000FFF00F0 0000F4 (v04 VBOX   VBOXFACP 00000001 ASL  00000061)
[    0.000000] ACPI: DSDT 0x000000000FFF0470 0022EA (v02 VBOX   VBOXBIOS 00000002 INTL 20100528)
[    0.000000] ACPI: FACS 0x000000000FFF0200 000040
[    0.000000] ACPI: FACS 0x000000000FFF0200 000040
[    0.000000] ACPI: APIC 0x000000000FFF0240 000054 (v02 VBOX   VBOXAPIC 00000001 ASL  00000061)
[    0.000000] ACPI: SSDT 0x000000000FFF02A0 0001CC (v01 VBOX   VBOXCPUT 00000002 INTL 20100528)
[    0.000000] No NUMA configuration found
[    0.000000] Faking a node at [mem 0x0000000000000000-0x000000000ffeffff]
[    0.000000] NODE_DATA(0) allocated [mem 0x0ffeb000-0x0ffeffff]
[    0.000000] kvm-clock: Using msrs 4b564d01 and 4b564d00
[    0.000000] kvm-clock: cpu 0, msr 0:ffe3001, primary cpu clock
[    0.000000] kvm-clock: using sched offset of 4522656942 cycles
[    0.000000] clocksource: kvm-clock: mask: 0xffffffffffffffff max_cycles: 0x1cd42e4dffb, max_idle_ns: 881590591483 ns
[    0.000000] Zone ranges:
[    0.000000]   DMA      [mem 0x0000000000001000-0x0000000000ffffff]
[    0.000000]   DMA32    [mem 0x0000000001000000-0x000000000ffeffff]
[    0.000000]   Normal   empty
[    0.000000]   Device   empty
[    0.000000] Movable zone start for each node
[    0.000000] Early memory node ranges
[    0.000000]   node   0: [mem 0x0000000000001000-0x000000000009efff]
[    0.000000]   node   0: [mem 0x0000000000100000-0x000000000ffeffff]
[    0.000000] Initmem setup node 0 [mem 0x0000000000001000-0x000000000ffeffff]
[    0.000000] ACPI: PM-Timer IO Port: 0x4008
[    0.000000] IOAPIC[0]: apic_id 1, version 32, address 0xfec00000, GSI 0-23
[    0.000000] ACPI: INT_SRC_OVR (bus 0 bus_irq 0 global_irq 2 dfl dfl)
[    0.000000] ACPI: INT_SRC_OVR (bus 0 bus_irq 9 global_irq 9 low level)
[    0.000000] Using ACPI (MADT) for SMP configuration information
[    0.000000] smpboot: Allowing 1 CPUs, 0 hotplug CPUs
[    0.000000] PM: Registered nosave memory: [mem 0x00000000-0x00000fff]
[    0.000000] PM: Registered nosave memory: [mem 0x0009f000-0x0009ffff]
[    0.000000] PM: Registered nosave memory: [mem 0x000a0000-0x000effff]
[    0.000000] PM: Registered nosave memory: [mem 0x000f0000-0x000fffff]
[    0.000000] e820: [mem 0x10000000-0xfebfffff] available for PCI devices
[    0.000000] Booting paravirtualized kernel on KVM
[    0.000000] clocksource: refined-jiffies: mask: 0xffffffff max_cycles: 0xffffffff, max_idle_ns: 7645519600211568 ns
[    0.000000] setup_percpu: NR_CPUS:512 nr_cpumask_bits:512 nr_cpu_ids:1 nr_node_ids:1
[    0.000000] PERCPU: Embedded 34 pages/cpu @ffff88000fc00000 s99608 r8192 d31464 u2097152
[    0.000000] PV qspinlock hash table entries: 256 (order: 0, 4096 bytes)
[    0.000000] Built 1 zonelists in Node order, mobility grouping on.  Total pages: 64376
[    0.000000] Policy zone: DMA32
[    0.000000] Kernel command line: BOOT_IMAGE=/boot/vmlinuz-4.4.0-141-generic root=LABEL=cloudimg-rootfs ro console=tty1 console=ttyS0
[    0.000000] PID hash table entries: 1024 (order: 1, 8192 bytes)
[    0.000000] Memory: 223724K/261688K available (8568K kernel code, 1314K rwdata, 4008K rodata, 1528K init, 1316K bss, 37964K reserved, 0K cma-reserved)
[    0.000000] SLUB: HWalign=64, Order=0-3, MinObjects=0, CPUs=1, Nodes=1
[    0.000000] Hierarchical RCU implementation.
[    0.000000] 	Build-time adjustment of leaf fanout to 64.
[    0.000000] 	RCU restricting CPUs from NR_CPUS=512 to nr_cpu_ids=1.
[    0.000000] RCU: Adjusting geometry for rcu_fanout_leaf=64, nr_cpu_ids=1
[    0.000000] NR_IRQS:33024 nr_irqs:256 16
[    0.000000] Console: colour VGA+ 80x25
[    0.000000] console [tty1] enabled
[    0.000000] console [ttyS0] enabled
[    0.000000] tsc: Detected 1996.251 MHz processor
[    0.260219] Calibrating delay loop (skipped) preset value.. 3992.50 BogoMIPS (lpj=7985004)
[    0.263368] pid_max: default: 32768 minimum: 301
[    0.264992] ACPI: Core revision 20150930
[    0.268420] ACPI: 2 ACPI AML tables successfully acquired and loaded
[    0.271166] Security Framework initialized
[    0.272760] Yama: becoming mindful.
[    0.274178] AppArmor: AppArmor initialized
[    0.275822] Dentry cache hash table entries: 32768 (order: 6, 262144 bytes)
[    0.278275] Inode-cache hash table entries: 16384 (order: 5, 131072 bytes)
[    0.280813] Mount-cache hash table entries: 512 (order: 0, 4096 bytes)
[    0.283220] Mountpoint-cache hash table entries: 512 (order: 0, 4096 bytes)
[    0.286265] Initializing cgroup subsys io
[    0.287959] Initializing cgroup subsys memory
[    0.289708] Initializing cgroup subsys devices
[    0.291652] Initializing cgroup subsys freezer
[    0.293398] Initializing cgroup subsys net_cls
[    0.295102] Initializing cgroup subsys perf_event
[    0.296983] Initializing cgroup subsys net_prio
[    0.298954] Initializing cgroup subsys hugetlb
[    0.301102] Initializing cgroup subsys pids
[    0.302980] CPU0: Hyper-Threading is disabled
[    0.564916] mce: CPU supports 0 MCE banks
[    0.566884] Last level iTLB entries: 4KB 1024, 2MB 1024, 4MB 512
[    0.569650] Last level dTLB entries: 4KB 1536, 2MB 1536, 4MB 768, 1GB 0
[    0.572195] Spectre V2 : Spectre mitigation: LFENCE not serializing. Switching to generic retpoline
[    0.576069] Spectre V2 : Mitigation: Full generic retpoline
[    0.578379] Spectre V2 : Spectre v2 mitigation: Speculation control IBPB not-supported IBRS not-supported
[    0.582418] Spectre V2 : Spectre v2 / SpectreRSB mitigation: Filling RSB on context switch
[    0.587221] Speculative Store Bypass: Mitigation: Speculative Store Bypass disabled via prctl and seccomp
[    0.623844] Freeing SMP alternatives memory: 32K
[    0.647467] ftrace: allocating 32291 entries in 127 pages
[    0.799118] smpboot: APIC(0) Converting physical 0 to logical package 0
[    0.801765] smpboot: Max logical packages: 1
[    0.804173] x2apic enabled
[    0.805846] Switched APIC routing to physical x2apic.
[    0.809837] ..TIMER: vector=0x30 apic1=0 pin1=2 apic2=-1 pin2=-1
[    0.907562] APIC calibration not consistent with PM-Timer: 96ms instead of 100ms
[    0.910506] APIC delta adjusted to PM-Timer: 6379186 (6181798)
[    0.912807] smpboot: CPU0: AMD Ryzen 5 2500U with Radeon Vega Mobile Gfx (family: 0x17, model: 0x11, stepping: 0x0)
[    0.916960] Performance Events: Broken PMU hardware detected, using software events only.
[    0.920217] Failed to access perfctr msr (MSR c0010007 is 0)
[    0.922274] KVM setup paravirtual spinlock
[    0.928645] x86: Booted up 1 node, 1 CPUs
[    0.930273] smpboot: Total of 1 processors activated (3992.50 BogoMIPS)
[    0.933203] devtmpfs: initialized
[    0.938217] evm: security.selinux
[    0.939667] evm: security.SMACK64
[    0.941017] evm: security.SMACK64EXEC
[    0.942473] evm: security.SMACK64TRANSMUTE
[    0.944083] evm: security.SMACK64MMAP
[    0.945461] evm: security.ima
[    0.946754] evm: security.capability
[    0.948357] clocksource: jiffies: mask: 0xffffffff max_cycles: 0xffffffff, max_idle_ns: 7645041785100000 ns
[    0.952219] futex hash table entries: 256 (order: 2, 16384 bytes)
[    0.954449] pinctrl core: initialized pinctrl subsystem
[    0.956562] RTC time: 17:55:54, date: 12/23/19
[    0.960941] NET: Registered protocol family 16
[    0.966716] cpuidle: using governor ladder
[    0.968355] cpuidle: using governor menu
[    0.970136] PCCT header not found.
[    0.973081] ACPI: bus type PCI registered
[    0.974622] acpiphp: ACPI Hot Plug PCI Controller Driver version: 0.5
[    0.976965] PCI: Using configuration type 1 for base access
[    0.978877] PCI: Using configuration type 1 for extended access
[    0.983323] ACPI: Added _OSI(Module Device)
[    0.985189] ACPI: Added _OSI(Processor Device)
[    0.987078] ACPI: Added _OSI(3.0 _SCP Extensions)
[    0.988900] ACPI: Added _OSI(Processor Aggregator Device)
[    0.991970] ACPI: Executed 1 blocks of module-level executable AML code
[    0.997716] ACPI: Interpreter enabled
[    0.999213] ACPI: (supports S0 S5)
[    1.000674] ACPI: Using IOAPIC for interrupt routing
[    1.002894] PCI: Using host bridge windows from ACPI; if necessary, use "pci=nocrs" and report a bug
[    1.012669] ACPI: PCI Root Bridge [PCI0] (domain 0000 [bus 00-ff])
[    1.014824] acpi PNP0A03:00: _OSC: OS supports [ExtendedConfig ASPM ClockPM Segments MSI]
[    1.019419] acpi PNP0A03:00: _OSC: platform does not support [PCIeCapability]
[    1.022279] acpi PNP0A03:00: _OSC: not requesting control; platform does not support [PCIeCapability]
[    1.025579] acpi PNP0A03:00: _OSC: OS requested [PCIeHotplug PME AER PCIeCapability]
[    1.028522] acpi PNP0A03:00: _OSC: platform willing to grant [PCIeHotplug PME AER]
[    1.049354] acpi PNP0A03:00: _OSC failed (AE_SUPPORT); disabling ASPM
[    1.052597] PCI host bridge to bus 0000:00
[    1.054197] pci_bus 0000:00: root bus resource [io  0x0000-0x0cf7 window]
[    1.056461] pci_bus 0000:00: root bus resource [io  0x0d00-0xffff window]
[    1.058858] pci_bus 0000:00: root bus resource [mem 0x000a0000-0x000bffff window]
[    1.061675] pci_bus 0000:00: root bus resource [mem 0x10000000-0xfdffffff window]
[    1.064550] pci_bus 0000:00: root bus resource [bus 00-ff]
[    1.070421] pci 0000:00:01.1: legacy IDE quirk: reg 0x10: [io  0x01f0-0x01f7]
[    1.072909] pci 0000:00:01.1: legacy IDE quirk: reg 0x14: [io  0x03f6]
[    1.075712] pci 0000:00:01.1: legacy IDE quirk: reg 0x18: [io  0x0170-0x0177]
[    1.078083] pci 0000:00:01.1: legacy IDE quirk: reg 0x1c: [io  0x0376]
[    1.093949] pci 0000:00:07.0: quirk: [io  0x4000-0x403f] claimed by PIIX4 ACPI
[    1.096990] pci 0000:00:07.0: quirk: [io  0x4100-0x410f] claimed by PIIX4 SMB
[    1.107577] ACPI: PCI Interrupt Link [LNKA] (IRQs 5 9 10 *11)
[    1.110950] ACPI: PCI Interrupt Link [LNKB] (IRQs 5 9 *10 11)
[    1.114000] ACPI: PCI Interrupt Link [LNKC] (IRQs 5 *9 10 11)
[    1.117547] ACPI: PCI Interrupt Link [LNKD] (IRQs 5 9 10 *11)
[    1.120485] ACPI: Enabled 2 GPEs in block 00 to 07
[    1.122737] vgaarb: setting as boot device: PCI:0000:00:02.0
[    1.124669] vgaarb: device added: PCI:0000:00:02.0,decodes=io+mem,owns=io+mem,locks=none
[    1.127819] vgaarb: loaded
[    1.129048] vgaarb: bridge control possible 0000:00:02.0
[    1.131219] SCSI subsystem initialized
[    1.132828] ACPI: bus type USB registered
[    1.134560] usbcore: registered new interface driver usbfs
[    1.136457] usbcore: registered new interface driver hub
[    1.138428] usbcore: registered new device driver usb
[    1.140879] PCI: Using ACPI for IRQ routing
[    1.143050] NetLabel: Initializing
[    1.144412] NetLabel:  domain hash size = 128
[    1.146063] NetLabel:  protocols = UNLABELED CIPSOv4
[    1.147976] NetLabel:  unlabeled traffic allowed by default
[    1.150300] amd_nb: Cannot enumerate AMD northbridges
[    1.152297] clocksource: Switched to clocksource kvm-clock
[    1.174374] AppArmor: AppArmor Filesystem Enabled
[    1.176286] pnp: PnP ACPI init
[    1.179158] pnp: PnP ACPI: found 3 devices
[    1.187491] clocksource: acpi_pm: mask: 0xffffff max_cycles: 0xffffff, max_idle_ns: 2085701024 ns
[    1.190945] NET: Registered protocol family 2
[    1.193661] TCP established hash table entries: 2048 (order: 2, 16384 bytes)
[    1.196046] TCP bind hash table entries: 2048 (order: 3, 32768 bytes)
[    1.198276] TCP: Hash tables configured (established 2048 bind 2048)
[    1.200872] UDP hash table entries: 256 (order: 1, 8192 bytes)
[    1.202996] UDP-Lite hash table entries: 256 (order: 1, 8192 bytes)
[    1.205408] NET: Registered protocol family 1
[    1.207018] pci 0000:00:00.0: Limiting direct PCI/PCI transfers
[    1.209201] pci 0000:00:01.0: Activating ISA DMA hang workarounds
[    1.223620] Unpacking initramfs...
[    1.841887] Freeing initrd memory: 14796K
[    1.843885] platform rtc_cmos: registered platform RTC device (no PNP device found)
[    1.846970] Scanning for low memory corruption every 60 seconds
[    1.849778] audit: initializing netlink subsys (disabled)
[    1.852229] audit: type=2000 audit(1577123760.799:1): initialized
[    1.855001] Initialise system trusted keyring
[    1.858136] HugeTLB registered 2 MB page size, pre-allocated 0 pages
[    1.864189] zbud: loaded
[    1.866303] VFS: Disk quotas dquot_6.6.0
[    1.868709] VFS: Dquot-cache hash table entries: 512 (order 0, 4096 bytes)
[    1.872683] squashfs: version 4.0 (2009/01/31) Phillip Lougher
[    1.875140] fuse init (API version 7.23)
[    1.877139] Key type big_key registered
[    1.878749] Allocating IMA MOK and blacklist keyrings.
[    1.881837] Key type asymmetric registered
[    1.884098] Asymmetric key parser 'x509' registered
[    1.886115] Block layer SCSI generic (bsg) driver version 0.4 loaded (major 249)
[    1.889078] io scheduler noop registered
[    1.890666] io scheduler deadline registered (default)
[    1.892492] io scheduler cfq registered
[    1.894195] pci_hotplug: PCI Hot Plug PCI Core version: 0.5
[    1.896024] pciehp: PCI Express Hot Plug Controller Driver version: 0.4
[    1.898731] ACPI: AC Adapter [AC] (off-line)
[    1.900744] input: Power Button as /devices/LNXSYSTM:00/LNXPWRBN:00/input/input0
[    1.903907] ACPI: Power Button [PWRF]
[    1.905514] input: Sleep Button as /devices/LNXSYSTM:00/LNXSLPBN:00/input/input1
[    1.908434] ACPI: Sleep Button [SLPF]
[    1.911439] ACPI: Battery Slot [BAT0] (battery present)
[    1.913340] GHES: HEST is not enabled!
[    1.914944] Serial: 8250/16550 driver, 32 ports, IRQ sharing enabled
[    1.938938] 00:02: ttyS0 at I/O 0x3f8 (irq = 4, base_baud = 115200) is a 16550A
[    1.943438] Linux agpgart interface v0.103
[    1.953639] loop: module loaded
[    1.956008] scsi host0: ata_piix
[    1.957524] scsi host1: ata_piix
[    1.958936] ata1: PATA max UDMA/33 cmd 0x1f0 ctl 0x3f6 bmdma 0xd000 irq 14
[    1.961263] ata2: PATA max UDMA/33 cmd 0x170 ctl 0x376 bmdma 0xd008 irq 15
[    1.964927] libphy: Fixed MDIO Bus: probed
[    1.966702] tun: Universal TUN/TAP device driver, 1.6
[    1.968687] tun: (C) 1999-2004 Max Krasnyansky <maxk@qualcomm.com>
[    1.971004] PPP generic driver version 2.4.2
[    1.972905] ehci_hcd: USB 2.0 'Enhanced' Host Controller (EHCI) Driver
[    1.975587] ehci-pci: EHCI PCI platform driver
[    1.977819] ehci-platform: EHCI generic platform driver
[    1.979834] ohci_hcd: USB 1.1 'Open' Host Controller (OHCI) Driver
[    1.981935] ohci-pci: OHCI PCI platform driver
[    1.984304] ohci-platform: OHCI generic platform driver
[    1.986329] uhci_hcd: USB Universal Host Controller Interface driver
[    1.988532] i8042: PNP: PS/2 Controller [PNP0303:PS2K,PNP0f03:PS2M] at 0x60,0x64 irq 1,12
[    1.992389] serio: i8042 KBD port at 0x60,0x64 irq 1
[    1.994180] serio: i8042 AUX port at 0x60,0x64 irq 12
[    1.996269] mousedev: PS/2 mouse device common for all mice
[    1.998917] input: AT Translated Set 2 keyboard as /devices/platform/i8042/serio0/input/input2
[    2.002775] rtc_cmos rtc_cmos: rtc core: registered rtc_cmos as rtc0
[    2.007444] rtc_cmos rtc_cmos: alarms up to one day, 114 bytes nvram
[    2.009983] i2c /dev entries driver
[    2.014053] device-mapper: uevent: version 1.0.3
[    2.016103] device-mapper: ioctl: 4.34.0-ioctl (2015-10-28) initialised: dm-devel@redhat.com
[    2.019469] ledtrig-cpu: registered to indicate activity on CPUs
[    2.022093] NET: Registered protocol family 10
[    2.024286] NET: Registered protocol family 17
[    2.026208] Key type dns_resolver registered
[    2.028698] registered taskstats version 1
[    2.030300] Loading compiled-in X.509 certificates
[    2.033342] Loaded X.509 cert 'Build time autogenerated kernel key: 7c9fb337b82e5a343493fe891c556beae1895c7c'
[    2.037706] zswap: loaded using pool lzo/zbud
[    2.046585] Key type trusted registered
[    2.055051] Key type encrypted registered
[    2.056744] AppArmor: AppArmor sha1 policy hashing enabled
[    2.058655] ima: No TPM chip found, activating TPM-bypass!
[    2.060760] ima: Allocated hash algorithm: sha1
[    2.062434] evm: HMAC attrs: 0x1
[    2.064498]   Magic number: 15:460:947
[    2.066012] tty tty4: hash matches
[    2.067542] memory memory0: hash matches
[    2.070324] rtc_cmos rtc_cmos: setting system clock to 2019-12-23 17:55:55 UTC (1577123755)
[    2.073452] BIOS EDD facility v0.16 2004-Jun-25, 0 devices found
[    2.075751] EDD information not available.
[    2.122569] Freeing unused kernel memory: 1528K
[    2.124385] Write protecting the kernel read-only data: 14336k
[    2.127156] Freeing unused kernel memory: 1660K
[    2.129298] Freeing unused kernel memory: 88K
Loading, please wait...
starting version 229
[    2.161318] random: systemd-udevd: uninitialized urandom read (16 bytes read, 6 bits of entropy available)
[    2.166580] random: udevadm: uninitialized urandom read (16 bytes read, 6 bits of entropy available)
[    2.171001] random: systemd-udevd: uninitialized urandom read (16 bytes read, 6 bits of entropy available)
[    2.174623] random: systemd-udevd: uninitialized urandom read (16 bytes read, 6 bits of entropy available)
[    2.178504] random: udevadm: uninitialized urandom read (16 bytes read, 6 bits of entropy available)
[    2.182428] random: systemd-udevd: uninitialized urandom read (16 bytes read, 6 bits of entropy available)
[    2.199995] random: systemd-udevd: uninitialized urandom read (16 bytes read, 6 bits of entropy available)
[    2.207048] random: systemd-udevd: uninitialized urandom read (16 bytes read, 6 bits of entropy available)
[    2.216281] random: systemd-udevd: uninitialized urandom read (16 bytes read, 6 bits of entropy available)
[    2.226603] random: udevadm: uninitialized urandom read (16 bytes read, 6 bits of entropy available)
[    2.582819] e1000: Intel(R) PRO/1000 Network Driver - version 7.3.21-k8-NAPI
[    2.585618] e1000: Copyright (c) 1999-2006 Intel Corporation.
[    2.599910] Fusion MPT base driver 3.04.20
[    2.602128] Copyright (c) 1999-2008 LSI Corporation
[    2.630907] Fusion MPT SPI Host driver 3.04.20
[    2.785337] AVX2 version of gcm_enc/dec engaged.
[    2.787799] AES CTR mode by8 optimization enabled
[    2.849363] tsc: Refined TSC clocksource calibration: 1994.505 MHz
[    2.852027] clocksource: tsc: mask: 0xffffffffffffffff max_cycles: 0x397fce87ca8, max_idle_ns: 881590658865 ns
[    2.858981] input: ImExPS/2 Generic Explorer Mouse as /devices/platform/i8042/serio1/input/input4
[    3.314852] e1000 0000:00:03.0 eth0: (PCI:33MHz:32-bit) 02:5e:78:ae:6e:b0
[    3.317671] e1000 0000:00:03.0 eth0: Intel(R) PRO/1000 Network Connection
[    3.321280] mptbase: ioc0: Initiating bringup
[    3.405138] ioc0: LSI53C1030 A0: Capabilities={Initiator}
[    3.567221] scsi host2: ioc0: LSI53C1030 A0, FwRev=00000000h, Ports=1, MaxQ=256, IRQ=20
[    3.683253] scsi 2:0:0:0: Direct-Access     VBOX     HARDDISK         1.0  PQ: 0 ANSI: 5
[    3.686370] scsi target2:0:0: Beginning Domain Validation
[    3.691679] scsi target2:0:0: Domain Validation skipping write tests
[    3.693837] scsi target2:0:0: Ending Domain Validation
[    3.695757] scsi target2:0:0: asynchronous
[    3.698624] scsi 2:0:1:0: Direct-Access     VBOX     HARDDISK         1.0  PQ: 0 ANSI: 5
[    3.702432] scsi target2:0:1: Beginning Domain Validation
[    3.707228] scsi target2:0:1: Domain Validation skipping write tests
[    3.709469] scsi target2:0:1: Ending Domain Validation
[    3.721562] scsi target2:0:1: asynchronous
[    3.871994] sd 2:0:0:0: Attached scsi generic sg0 type 0
[    3.874159] sd 2:0:0:0: [sda] 20971520 512-byte logical blocks: (10.7 GB/10.0 GiB)
[    3.877545] sd 2:0:1:0: Attached scsi generic sg1 type 0
[    3.879465] sd 2:0:1:0: [sdb] 20480 512-byte logical blocks: (10.5 MB/10.0 MiB)
[    3.883106] sd 2:0:0:0: [sda] Write Protect is off
[    3.885074] sd 2:0:1:0: [sdb] Write Protect is off
[    3.889081] sd 2:0:1:0: [sdb] Incomplete mode parameter data
[    3.891208] sd 2:0:1:0: [sdb] Assuming drive cache: write through
[    3.893292] sd 2:0:0:0: [sda] Incomplete mode parameter data
[    3.895225] sd 2:0:0:0: [sda] Assuming drive cache: write through
[    3.915198]  sda: sda1
[    3.918902] sd 2:0:0:0: [sda] Attached SCSI disk
[    3.921988] sd 2:0:1:0: [sdb] Attached SCSI disk
[    4.198235] e1000 0000:00:08.0 eth1: (PCI:33MHz:32-bit) 08:00:27:8d:30:1e
[    4.200904] e1000 0000:00:08.0 eth1: Intel(R) PRO/1000 Network Connection
[    4.206770] e1000 0000:00:08.0 enp0s8: renamed from eth1
[    4.214874] e1000 0000:00:03.0 enp0s3: renamed from eth0
Begin: Loading essential drivers ... [    5.942852] md: linear personality registered for level -1
[    5.950473] md: multipath personality registered for level -4
[    5.957236] md: raid0 personality registered for level 0
[    5.965126] md: raid1 personality registered for level 1
[    6.041250] raid6: sse2x1   gen()  3580 MB/s
[    6.108851] raid6: sse2x1   xor()  3163 MB/s
[    6.176453] raid6: sse2x2   gen()  6484 MB/s
[    6.245024] raid6: sse2x2   xor()  4366 MB/s
[    6.312647] raid6: sse2x4   gen()  7018 MB/s
[    6.381237] raid6: sse2x4   xor()  4113 MB/s
[    6.448833] raid6: avx2x1   gen()  7615 MB/s
[    6.516506] raid6: avx2x2   gen()  9261 MB/s
[    6.585002] raid6: avx2x4   gen()  9225 MB/s
[    6.586705] raid6: using algorithm avx2x2 gen() 9261 MB/s
[    6.588718] raid6: using avx2x2 recovery algorithm
[    6.593652] xor: automatically using best checksumming function:
[    6.632659]    avx       :  4701.000 MB/sec
[    6.638293] async_tx: api initialized (async)
[    6.666844] md: raid6 personality registered for level 6
[    6.669260] md: raid5 personality registered for level 5
[    6.671384] md: raid4 personality registered for level 4
[    6.684862] md: raid10 personality registered for level 10
done.
Begin: Running /scripts/init-premount ... done.
Begin: Mounting root file system ... Begin: Running /scripts/local-top ... done.
Begin: Running /scripts/local-premount ... [    6.749675] Btrfs loaded
Scanning for Btrfs filesystems
done.
Warning: fsck not present, so skipping root file system
[    6.816327] EXT4-fs (sda1): mounted filesystem with ordered data mode. Opts: (null)
done.
Begin: Running /scripts/local-bottom ... done.
Begin: Running /scripts/init-bottom ... done.
[    7.076405] systemd[1]: systemd 229 running in system mode. (+PAM +AUDIT +SELINUX +IMA +APPARMOR +SMACK +SYSVINIT +UTMP +LIBCRYPTSETUP +GCRYPT +GNUTLS +ACL +XZ -LZ4 +SECCOMP +BLKID +ELFUTILS +KMOD -IDN)
[    7.082707] systemd[1]: Detected virtualization oracle.
[    7.084686] systemd[1]: Detected architecture x86-64.

Welcome to [1mUbuntu 16.04.5 LTS[0m!

[    7.096399] systemd[1]: Set hostname to <ubuntu>.
[    7.111569] systemd[1]: Initializing machine ID from random generator.
[    7.113847] systemd[1]: Installed transient /etc/machine-id file.
[    7.441827] systemd[1]: Created slice System Slice.
[[0;32m  OK  [0m] Created slice System Slice.
[    7.445166] systemd[1]: Listening on Device-mapper event daemon FIFOs.
[[0;32m  OK  [0m] Listening on Device-mapper event daemon FIFOs.
[    7.456753] systemd[1]: Listening on Journal Socket.
[[0;32m  OK  [0m] Listening on Journal Socket.
[    7.460664] systemd[1]: Starting Nameserver information manager...
         Starting Nameserver information manager...
[    7.467541] systemd[1]: Starting Remount Root and Kernel File Systems...
[    7.472123] random: nonblocking pool is initialized
         Starting Remount Root and Kernel File Systems...
[    7.484788] EXT4-fs (sda1): re-mounted. Opts: (null)
[    7.487213] systemd[1]: Starting Uncomplicated firewall...
         Starting Uncomplicated firewall...
[    7.496302] systemd[1]: Reached target Swap.
[[0;32m  OK  [0m] Reached target Swap.
[    7.503452] systemd[1]: Created slice system-serial\x2dgetty.slice.
[[0;32m  OK  [0m] Created slice system-serial\x2dgetty.slice.
[    7.510355] systemd[1]: Mounting Huge Pages File System...
         Mounting Huge Pages File System...
[    7.517297] systemd[1]: Mounting POSIX Message Queue File System...
         Mounting POSIX Message Queue File System...
[    7.533168] systemd[1]: Listening on Journal Socket (/dev/log).
[[0;32m  OK  [0m] Listening on Journal Socket (/dev/log).
[    7.537180] systemd[1]: Started Forward Password Requests to Wall Directory Watch.
[[0;32m  OK  [0m] Started Forward Password Requests to Wall Directory Watch.
[    7.542688] systemd[1]: Set up automount Arbitrary Executable File Formats File System Automount Point.
[[0;32m  OK  [0m] Set up automount Arbitrary Executab...ats File System Automount Point.
[    7.550285] systemd[1]: Started Trigger resolvconf update for networkd DNS.
[[0;32m  OK  [0m] Started Trigger resolvconf update for networkd DNS.
[    7.561436] systemd[1]: Reached target User and Group Name Lookups.
[[0;32m  OK  [0m] Reached target User and Group Name Lookups.
[    7.565590] systemd[1]: Listening on Syslog Socket.
[[0;32m  OK  [0m] Listening on Syslog Socket.
[    7.569801] systemd[1]: Listening on Journal Audit Socket.
[[0;32m  OK  [0m] Listening on Journal Audit Socket.
[    7.574954] systemd[1]: Starting Journal Service...
         Starting Journal Service...
[    7.579227] systemd[1]: Reached target Encrypted Volumes.
[[0;32m  OK  [0m] Reached target Encrypted Volumes.
[    7.586193] systemd[1]: Listening on LVM2 poll daemon socket.
[[0;32m  OK  [0m] Listening on LVM2 poll daemon socket.
[    7.592146] systemd[1]: Created slice User and Session Slice.
[[0;32m  OK  [0m] Created slice User and Session Slice.
[    7.597149] systemd[1]: Reached target Slices.
[[0;32m  OK  [0m] Reached target Slices.
[    7.603836] systemd[1]: Starting Set console keymap...
         Starting Set console keymap...
[    7.617642] systemd[1]: Starting Load Kernel Modules...
         Starting Load Kernel Modules...
[    7.628200] systemd[1]: Mounting Debug File System...
         Mounting Debug File System...
[    7.641839] systemd[1]: Starting Create list of required static device nodes for the current kernel...
         Starting Create list of required st... nodes for the current kernel...
[    7.658431] systemd[1]: Listening on LVM2 metadata daemon socket.
[[0;32m  OK  [0m] Listening on LVM2 metadata daemon socket.
[    7.666822] systemd[1]: Starting Monitoring of LVM2 mirrors, snapshots etc. using dmeventd or progress polling...
[    7.676584] Loading iSCSI transport class v2.0-870.
         Starting Monitoring of LVM2 mirrors... dmeventd or progress polling...
[    7.692943] systemd[1]: Listening on udev Kernel Socket.
[[0;32m  OK  [0m] Listening on udev Kernel Socket.
[    7.698455] systemd[1]: Listening on /dev/initctl Compatibility Named Pipe.
[[0;32m  OK  [0m] Listening on /dev/initctl Compatibility Named Pipe.
[    7.708442] systemd[1]: Reached target System Time Synchronized.
[[0;32m  OK  [0m] Reached target System Time Synchronized.
[    7.717498] systemd[1]: Listening on udev Control Socket.
[[0;32m  OK  [0m] Listening on udev Control Socket.
[    7.736143] systemd[1]: Mounted Huge Pages File System.
[[0;32m  OK  [0m] Mounted Huge Pages File System.
[    7.742601] systemd[1]: Mounted POSIX Message Queue File System.
[[0;32m  OK  [0m] Mounted POSIX Message Queue File System.
[    7.753071] iscsi: registered transport (tcp)
[    7.757333] systemd[1]: Mounted Debug File System.
[[0;32m  OK  [0m] Mounted Debug File System.
[    7.762104] systemd[1]: Started Remount Root and Kernel File Systems.
[[0;32m  OK  [0m] Started Remount Root and Kernel File Systems.
[    7.781572] systemd[1]: Started Uncomplicated firewall.
[[0;32m  OK  [0m] Started Uncomplicated firewall.
[    7.802354] systemd[1]: Started Create list of required static device nodes for the current kernel.
[[0;32m  OK  [0m] Started Create list of required sta...ce nodes for the current kernel.
[    7.813815] systemd[1]: Started Nameserver information manager.
[[0;32m  OK  [0m] Started Nameserver information manager.
[    7.827038] systemd[1]: Started Journal Service.
[[0;32m  OK  [0m] Started Journal Service.
[    7.997135] iscsi: registered transport (iser)
[[0;32m  OK  [0m] Started Load Kernel Modules.
[[0;32m  OK  [0m] Started Set console keymap.
         Mounting FUSE Control File System...
         Starting Apply Kernel Variables...
[[0;32m  OK  [0m] Started LVM2 metadata daemon.
         Starting Create Static Device Nodes in /dev...
         Starting Flush Journal to Persistent Storage...
         Starting udev Coldplug all Devices...
         Starting Load/Save Random Seed...
[[0;32m  OK  [0m] Mounted FUSE Control File System.
[[0;32m  OK  [0m] Started Apply Kernel Variables.
[[0;32m  OK  [0m] Started Create Static Device Nodes in /dev.
[[0;32m  OK  [0m] Started Load/Save Random Seed.
[[0;32m  OK  [0m] Started Flush Journal to Persistent Storage.
         Starting udev Kernel Device Manager...
[[0;32m  OK  [0m] Started udev Coldplug all Devices.
[[0;32m  OK  [0m] Started Monitoring of LVM2 mirrors,...ng dmeventd or progress polling.
[[0;32m  OK  [0m] Reached target Local File Systems (Pre).
[[0;32m  OK  [0m] Reached target Local File Systems.
         Starting Create Volatile Files and Directories...
         Starting Initial cloud-init job (pre-networking)...
         Starting Set console font and keymap...
         Starting Commit a transient machine-id on disk...
         Starting LSB: AppArmor initialization...
         Starting Tell Plymouth To Write Out Runtime Data...
[[0;32m  OK  [0m] Started Commit a transient machine-id on disk.
[[0;32m  OK  [0m] Started Tell Plymouth To Write Out Runtime Data.
[[0;32m  OK  [0m] Started udev Kernel Device Manager.
[[0;32m  OK  [0m] Started Create Volatile Files and Directories.
         Starting Update UTMP about System Boot/Shutdown...
[[0;32m  OK  [0m] Started Dispatch Password Requests to Console Directory Watch.
[[0;32m  OK  [0m] Started Update UTMP about System Boot/Shutdown.
[[0;32m  OK  [0m] Started Set console font and keymap.
[[0;32m  OK  [0m] Created slice system-getty.slice.
[[0;32m  OK  [0m] Found device /dev/ttyS0.
[[0;32m  OK  [0m] Listening on Load/Save RF Kill Switch Status /dev/rfkill Watch.
[   12.585003] cloud-init[467]: Cloud-init v. 18.4-0ubuntu1~16.04.2 running 'init-local' at Mon, 23 Dec 2019 17:56:05 +0000. Up 11.31 seconds.
[[0;32m  OK  [0m] Started Initial cloud-init job (pre-networking).
[[0;32m  OK  [0m] Reached target Network (Pre).
[[0;32m  OK  [0m] Started LSB: AppArmor initialization.
         Starting Raise network interfaces...
[[0;32m  OK  [0m] Started Raise network interfaces.
[[0;32m  OK  [0m] Reached target Network.
         Starting Initial cloud-init job (metadata service crawler)...
[   16.811256] cloud-init[943]: Cloud-init v. 18.4-0ubuntu1~16.04.2 running 'init' at Mon, 23 Dec 2019 17:56:09 +0000. Up 15.50 seconds.
[   16.817039] cloud-init[943]: ci-info: ++++++++++++++++++++++++++++++++++++++Net device info+++++++++++++++++++++++++++++++++++++++
[   16.824533] cloud-init[943]: ci-info: +--------+-------+----------------------------+---------------+--------+-------------------+
[   16.828994] cloud-init[943]: ci-info: | Device |   Up  |          Address           |      Mask     | Scope  |     Hw-Address    |
[   16.832735] cloud-init[943]: ci-info: +--------+-------+----------------------------+---------------+--------+-------------------+
[   16.840501] cloud-init[943]: ci-info: | enp0s3 |  True |         10.0.2.15          | 255.255.255.0 | global | 02:5e:78:ae:6e:b0 |
[   16.845426] cloud-init[943]: ci-info: | enp0s3 |  True | fe80::5e:78ff:feae:6eb0/64 |       .       |  link  | 02:5e:78:ae:6e:b0 |
[   16.848293] cloud-init[943]: ci-info: | enp0s8 | False |             .              |       .       |   .    | 08:00:27:8d:30:1e |
[   16.857218] cloud-init[943]: ci-info: |   lo   |  True |         127.0.0.1          |   255.0.0.0   |  host  |         .         |
[   16.865116] cloud-init[943]: ci-info: |   lo   |  True |          ::1/128           |       .       |  host  |         .         |
[   16.872901] cloud-init[943]: ci-info: +--------+-------+----------------------------+---------------+--------+-------------------+
[   16.880759] cloud-init[943]: ci-info: +++++++++++++++++++++++++++Route IPv4 info++++++++++++++++++++++++++++
[   16.883269] cloud-init[943]: ci-info: +-------+-------------+----------+---------------+-----------+-------+
[   16.897464] cloud-init[943]: ci-info: | Route | Destination | Gateway  |    Genmask    | Interface | Flags |
[   16.905207] cloud-init[943]: ci-info: +-------+-------------+----------+---------------+-----------+-------+
[   16.913045] cloud-init[943]: ci-info: |   0   |   0.0.0.0   | 10.0.2.2 |    0.0.0.0    |   enp0s3  |   UG  |
[   16.921111] cloud-init[943]: ci-info: |   1   |   10.0.2.0  | 0.0.0.0  | 255.255.255.0 |   enp0s3  |   U   |
[   16.928917] cloud-init[943]: ci-info: +-------+-------------+----------+---------------+-----------+-------+
[   16.936878] cloud-init[943]: ci-info: +++++++++++++++++++Route IPv6 info+++++++++++++++++++
[   16.945201] cloud-init[943]: ci-info: +-------+-------------+---------+-----------+-------+
[   16.948215] cloud-init[943]: ci-info: | Route | Destination | Gateway | Interface | Flags |
[   16.956937] cloud-init[943]: ci-info: +-------+-------------+---------+-----------+-------+
[   16.959921] cloud-init[943]: ci-info: |   0   |  fe80::/64  |    ::   |   enp0s3  |   U   |
[   16.967262] cloud-init[943]: ci-info: |   3   |   ff00::/8  |    ::   |   enp0s3  |   U   |
[   16.972791] cloud-init[943]: ci-info: +-------+-------------+---------+-----------+-------+
[[0;32m  OK  [0m] Started Initial cloud-init job (metadata service crawler).
[[0;32m  OK  [0m] Reached target Cloud-config availability.[   16.978637] cloud-init[943]: Generating public/private rsa key pair.
[   16.982904] cloud-init[943]: Your identification has been saved in /etc/ssh/ssh_host_rsa_key.
[[0;32m  OK  [0m] Reached target System Initialization.
[[0;32m  OK  [0m] Listening on D-Bus System Message Bus Socket.
[   16.990431] cloud-init[943]: Your public key has been saved in /etc/ssh/ssh_host_rsa_key.pub.
         Starting Socket activation for snappy daemon.
[[0;32m  OK  [0m] Listening on ACPID Listen Socket.

[   16.996716] cloud-init[943]: The key fingerprint is:
[   17.000133] cloud-init[943]: SHA256:cp2/e2oI/jGdeYzwnH/dQ+Ga7c6xbvE3v6wcgVdTCCY root@ubuntu-xenial
         Starting LXD - unix socket.
[   17.004302] cloud-init[943]: The key's randomart image is:
[   17.006173] cloud-init[943]: +---[RSA 2048]----+
[[0;32m  OK  [0m] Started Daily Cleanup of Temporary Directories.
[[0;32m  OK  [0m] Listening on UUID daemon activation socket.
[   17.012122] cloud-init[943]: |          E o. ..|
[   17.014021] cloud-init[943]: |           o  . .|
[[0;32m  OK  [0m] Started ACPI Events Check.
[[0;32m  OK  [0m] Reached target Paths.
[   17.015916] cloud-init[943]: |               o |
[   17.021901] cloud-init[943]: |         . .. ...|
[[0;32m  OK  [0m] Started Daily apt download activities.
[   17.026063] cloud-init[943]: |      . S +. o. .|
[[0;32m  OK  [0m] Started Daily apt upgrade and clean activities.
[[0;32m  OK  [0m] Reached target Timers.
[   17.029857] cloud-init[943]: |       o.  *.*.+ |
[[0;32m  OK  [0m] Reached target Network is Online.
[   17.035249] cloud-init[943]: |       . .o.X.B.=|         Starting iSCSI initiator daemon (iscsid)...
[[0;32m  OK  [0m] Listening on Socket activation for snappy daemon.
[   17.040940] cloud-init[943]: |        . .oo*==O|
[   17.042103] cloud-init[943]: |         ...+*BXB|
[   17.043301] cloud-init[943]: +----[SHA256]-----+
[   17.045533] cloud-init
[[0;32m  OK  [0m] Listening on LXD - unix socket.
[943]: Generating public/private dsa key pair.
[   17.068570] cloud-init[943]: Your identification has been saved in /etc/ssh/ssh_host_dsa_key.
[   17.072398] cloud-init[943]: Your public key has been saved in /etc/ssh/ssh_host_dsa_key.pub.
[[0;32m  OK  [0m] Reached target Sockets.
[[0;32m  OK  [0m] Reached target Basic System.
[   17.082174] cloud-init[943]: The key fingerprint is:
[   17.084480] cloud-init[943]:          Starting Virtualbox guest utils...
         Starting Pollinate to seed the pseudo random number generator...
         Starting LXD - container startup/shutdown...
         Starting Login Service...SHA256:CZFMSkvSq4qkNLeFvVHzm2YPh4azZlL02RngeXEBCYI root@ubuntu-xenial
         Starting /etc/rc.local Compatibility...
         Starting LSB: Record successful boot for GRUB...
         Starting System Logging Service...
[[0;32m  OK  [0m] Started Unattended Upgrades Shutdown.
[
[   17.147226] cloud-init[0;32m  OK  [0m] Started FUSE filesystem for LXC.
[[0;32m  OK  [0m] Started D-Bus System Message Bus.
[943]: The key's randomart image is:
[   17.199490] cloud-init[943]: +---[DSA 1024]----+
[   17.210848] cloud-init[943]: |  ..oo+o ...o..  |
[   17.229568] cloud-init[943]: |   +.Eo... o .   |
[   17.240452] cloud-init[943]: |    o.. . o o    |
[   17.245355] cloud-init[943]: |    .  = + o     |
[   17.253830] cloud-init[943]: |   .o o S + o    |
[   17.259773] cloud-init[943]: [[0;32m  OK  [0m] Started Deferred execution scheduler.| +.o + ..+.o     |

[[0;32m  OK  [0m] Started ACPI event daemon.
         Starting Accounts Service...
[[0;32m  OK  [0m] Started Regular background program processing daemon.
         Starting LSB: MD monitoring daemon...
         Starting Snappy daemon...
[[0;32m  OK  [0m] Started System Logging Service.
[[0;32m  OK  [0m] Started /etc/rc.local Compatibility.
[   17.336264] cloud-init[943]: |=.o o +o +o.     |[[0;32m  OK  [0m] Started iSCSI initiator daemon (iscsid).

[   17.404970] cloud-init[943]: |+  . o o+=o      |
[   17.444721] cloud-init[943]: |      +.o ..     |
[   17.454524] cloud-init[943]: +----[SHA256]-----+
[   17.462810] cloud-init[943]: Generating public/private ecdsa key pair.
[   17.481294] cloud-init[943]: Your identification has been saved in /etc/ssh/ssh_host_ecdsa_key.
[   17.520013] cloud-init[943]: Your public key has been saved in /etc/ssh/ssh_host_ecdsa_key.pub.
[   17.569554] cloud-init[943]: The key fingerprint is:
[   17.585124] cloud-init[943]: SHA256:I2/YaaIz9ak2dUhzCxhfE62QZfUFiwAZ86qkB5VLfiw root@ubuntu-xenial
[   17.617658] cloud-init[943]: The key's randomart image is:
[   17.654341] cloud-init[943]: +---[ECDSA 256]---+
[[0;32m  OK  [0m] Started LSB: Record successful boot for GRUB.[   17.685770] cloud-init[943]: |        +*=+. ...|

[   17.700557] cloud-init[943]: |      ..++o..o o |
[   17.711182] cloud-init[[0;32m  OK  [0m] Started Login Service.
         Starting Authenticate and Authorize Users to Run Privileged Tasks...
[943]: |      ++ o.o. o  |         Starting Login to default iSCSI targets...

[   17.804094] cloud-init[943]: |     +.o=.o      |
[[0;32m  OK  [0m] Started LXD - container startup/shutdown.
[   17.851633] cloud-init[943]: |    . E.S= .     |
[   17.867241] cloud-init[943]: |     +.Oooo      |
[   17.886022] cloud-init[943]: |    ..=o*o       |
[   17.893057] cloud-init[943]: |    ooo+o        |[[0;32m  OK  [0m] Started Login to default iSCSI targets.

[[0;32m  OK  [0m] Started LSB: MD monitoring daemon.
[   17.905076] cloud-init[943]: |    .+.o         |
[[0;32m  OK  [0m] Started Authenticate and Authorize Users to Run Privileged Tasks.
[[0;32m  OK  [0m] Started Accounts Service.
[[0;32m  OK  [0m] Reached target Remote File Systems (Pre).
[   17.927175] cloud-init[943]: +----[SHA256]-----+
[[0;32m  OK  [0m] Reached target Remote File Systems.
         Starting LSB: Set the CPU Frequency Scaling governor to "ondemand"...[   17.948621] cloud-init[943]: Generating public/private ed25519 key pair.

         Starting Permit User Sessions...
         Starting LSB: daemon to balance interrupts for SMP systems...
         Starting LSB: automatic crash report generation...
[[0;32m  OK  [0m] Started Permit User Sessions.
[   17.969122] cloud-init[943]: Your identification has been saved in /etc/ssh/ssh_host_ed25519_key.
[   18.018768] cloud-init[943]: Your public key has been saved in /etc/ssh/ssh_host_ed25519_key.pub.
[   18.076741] cloud-init[943]: The key fingerprint is:
[   18.089338] cloud-init[943]: SHA256:eDTEdgZOstcam5BaO+QTpDZCBdQJbmIhA558wg2esY4 root@ubuntu-xenial
[   18.097344] cloud-init[943]: The key's randomart image is:
[   18.108832] cloud-init[943]: +--[ED25519 256]--+
[   18.114998] cloud-init[943]: |====..o.+.       |
         Starting Terminate Plymouth Boot Screen...
         Starting Hold until boot process finishes up...[   18.154986] cloud-init[943]: |*+O oo Bo.o      |

[[0;32m  OK  [0m] Started Terminate Plymouth Boot Screen.
[[0;32m  OK  [0m] Started Hold until boot process finishes up.
[   18.182392] cloud-init[943]: |.@+o+ B.*o.      |
[[0;32m  OK  [0m] Started Serial Getty on ttyS0.
[[0;32m  OK  [0m] Started Getty on tty1.
[[0;32m  OK  [0m] Reached target Login Prompts.
         Starting Set console scheme...
[[0;32m  OK  [0m] Started LSB: Set the CPU Frequency Scaling governor to "ondemand".
[   18.231427] cloud-init[943]: |+ooo * B *       |
[   18.273741] cloud-init[[0;32m  OK  [0m] Started Set console scheme.
[943]: |E.  . * S        |
[   18.295492] cloud-init[943]: |       +         |
[   18.319657] [[0;32m  OK  [0m] Started LSB: daemon to balance interrupts for SMP systems.
cloud-init[943]: |                 |
[   18.346804] cloud-init[943]: |                 |
[   18.350993] cloud-init[943]: |                 |
[   18.353453] cloud-init[943]: +----[SHA256]-----+
[[0;32m  OK  [0m] Started LSB: automatic crash report generation.
[[0;32m  OK  [0m] Started Virtualbox guest utils.
[[0;32m  OK  [0m] Started Snappy daemon.
         Starting Wait until snapd is fully seeded...
[[0;32m  OK  [0m] Started Pollinate to seed the pseudo random number generator.
         Starting OpenBSD Secure Shell server...
[[0;32m  OK  [0m] Started OpenBSD Secure Shell server.
[[0;32m  OK  [0m] Created slice User Slice of vagrant.
[[0;32m  OK  [0m] Started Session 1 of user vagrant.
         Starting User Manager for UID 1000...
[[0;32m  OK  [0m] Started User Manager for UID 1000.
[[0;32m  OK  [0m] Started Wait until snapd is fully seeded.
[[0;32m  OK  [0m] Reached target Multi-User System.
[[0;32m  OK  [0m] Reached target Graphical Interface.
         Starting Update UTMP about System Runlevel Changes...
         Starting Apply the settings specified in cloud-config...
[[0;32m  OK  [0m] Started Update UTMP about System Runlevel Changes.
[   23.798590] cloud-init[1357]: Generating locales (this might take a while)...

Ubuntu 16.04.5 LTS ubuntu-xenial ttyS0

ubuntu-xenial login: [   25.610733] cloud-init[1357]:   en_US.UTF-8... done
[   25.616338] cloud-init[1357]: Generation complete.
[   26.534202] cloud-init[1357]: Cloud-init v. 18.4-0ubuntu1~16.04.2 running 'modules:config' at Mon, 23 Dec 2019 17:56:17 +0000. Up 23.40 seconds.
ci-info: no authorized ssh keys fingerprints found for user ubuntu.
<14>Dec 23 17:56:22 ec2: 
<14>Dec 23 17:56:22 ec2: #############################################################
<14>Dec 23 17:56:22 ec2: -----BEGIN SSH HOST KEY FINGERPRINTS-----
<14>Dec 23 17:56:22 ec2: 1024 SHA256:CZFMSkvSq4qkNLeFvVHzm2YPh4azZlL02RngeXEBCYI root@ubuntu-xenial (DSA)
<14>Dec 23 17:56:22 ec2: 256 SHA256:I2/YaaIz9ak2dUhzCxhfE62QZfUFiwAZ86qkB5VLfiw root@ubuntu-xenial (ECDSA)
<14>Dec 23 17:56:22 ec2: 256 SHA256:eDTEdgZOstcam5BaO+QTpDZCBdQJbmIhA558wg2esY4 root@ubuntu-xenial (ED25519)
<14>Dec 23 17:56:22 ec2: 2048 SHA256:cp2/e2oI/jGdeYzwnH/dQ+Ga7c6xbvE3v6wcgVdTCCY root@ubuntu-xenial (RSA)
<14>Dec 23 17:56:22 ec2: -----END SSH HOST KEY FINGERPRINTS-----
<14>Dec 23 17:56:22 ec2: #############################################################
-----BEGIN SSH HOST KEY KEYS-----
ecdsa-sha2-nistp256 AAAAE2VjZHNhLXNoYTItbmlzdHAyNTYAAAAIbmlzdHAyNTYAAABBBE1/pqfTNSef0vjGRdG3eZoaP4ZHQyV4GSdQClIHAzY5oI5LG4ICeZczHTNjhd/BVdHz/cPvgjEX5ntzGflml+U= root@ubuntu-xenial
ssh-ed25519 AAAAC3NzaC1lZDI1NTE5AAAAIMSCMVIjeLdfpiJ6kYyANs7P/X4prGKkL8JQkm8WjfGg root@ubuntu-xenial
ssh-rsa AAAAB3NzaC1yc2EAAAADAQABAAABAQC4EKbUHkeEXW7PU19+JEYnJ9pFxZrf7+iVkJXyA882x5QUoqOZsWqyMEFaZ1HZAV1Rm7uCO9rxC25jmpD4e6y+L9na0Bs6/Jh5uqP5RADsAx4MKvy2A2fDvWVX3jHJJAQfg2/gGDGJa/AZbObzqLQZ65uqPR253xBmGkgcLKUXimbE8GyUy3brWSqNFfNA8PykhgwUUMKrSFrb8GhskiOJFlahjwodUE5PtKI3tdxG9kWN/RkpOWrN+4r6AjGPJJqHLtgYqkI4IjOL9MMQaEFQhNZBr03BaV35L7f1nIUgLth0eOWqL980lOuu+luPSQyLKZqGoTTkU3CHLpiMUSXB root@ubuntu-xenial
-----END SSH HOST KEY KEYS-----
[   28.587799] cloud-init[1526]: Cloud-init v. 18.4-0ubuntu1~16.04.2 running 'modules:final' at Mon, 23 Dec 2019 17:56:21 +0000. Up 28.03 seconds.
[   28.592903] cloud-init[1526]: ci-info: no authorized ssh keys fingerprints found for user ubuntu.
[   28.600836] cloud-init[1526]: Cloud-init v. 18.4-0ubuntu1~16.04.2 finished at Mon, 23 Dec 2019 17:56:22 +0000. Datasource DataSourceNoCloud [seed=/dev/sdb][dsmode=net].  Up 28.57 seconds
